18:13:27 | ==================================================
18:13:27 | \U0001f680 INITIATING LIVE AI vs AI BATTLE
18:13:27 | \U0001f194 Session ID: 749e7b98-347e-4c8b-805b-75f4c2d53c17
18:13:27 | ==================================================

18:13:27 | \u23f3 Generating Scammer's opening attack...
18:13:30 | 
--- [TURN 1/16] ---
Traceback (most recent call last):
  File "C:\Users\smrut\Desktop\honeypotscammer\live_test_ai_agent.py", line 152, in <module>
    asyncio.run(run_live_simulation(num_turns=16)) # Aiming for 16 messages (8 turns) to trigger Webhook points
    ~~~~~~~~~~~^^^^^^^^^^^^^^^^^^^^^^^^^^^^^^^^^^^
  File "C:\Program Files\WindowsApps\PythonSoftwareFoundation.Python.3.13_3.13.3312.0_x64__qbz5n2kfra8p0\Lib\asyncio\runners.py", line 195, in run
    return runner.run(main)
           ~~~~~~~~~~^^^^^^
  File "C:\Program Files\WindowsApps\PythonSoftwareFoundation.Python.3.13_3.13.3312.0_x64__qbz5n2kfra8p0\Lib\asyncio\runners.py", line 118, in run
    return self._loop.run_until_complete(task)
           ~~~~~~~~~~~~~~~~~~~~~~~~~~~~~^^^^^^
  File "C:\Program Files\WindowsApps\PythonSoftwareFoundation.Python.3.13_3.13.3312.0_x64__qbz5n2kfra8p0\Lib\asyncio\base_events.py", line 725, in run_until_complete
    return future.result()
           ~~~~~~~~~~~~~^^
  File "C:\Users\smrut\Desktop\honeypotscammer\live_test_ai_agent.py", line 71, in run_live_simulation
    print(f"\033[91m\U0001f47f SCAMMER:\033[0m {current_scammer_message}")
    ~~~~~^^^^^^^^^^^^^^^^^^^^^^^^^^^^^^^^^^^^^^^^^^^^^^^^^^^^^^^^^
  File "C:\Program Files\WindowsApps\PythonSoftwareFoundation.Python.3.13_3.13.3312.0_x64__qbz5n2kfra8p0\Lib\encodings\cp1252.py", line 19, in encode
    return codecs.charmap_encode(input,self.errors,encoding_table)[0]
           ~~~~~~~~~~~~~~~~~~~~~^^^^^^^^^^^^^^^^^^^^^^^^^^^^^^^^^^
UnicodeEncodeError: 'charmap' codec can't encode character '\U0001f47f' in position 5: character maps to <undefined>
